src/pages/BookingPage.tsx(19,21): error TS6133: 'handleSubmit' is declared but its value is never read.
src/pages/LoginPage.tsx(6,18): error TS6133: 'AnimatePresence' is declared but its value is never read.
